Archive member included to satisfy reference by file (symbol)

/home/analys/.local/xPacks/@xpack-dev-tools/arm-none-eabi-gcc/12.2.1-1.2.1/.content/bin/../lib/gcc/arm-none-eabi/12.2.1/thumb/v7e-m/nofp/libgcc.a(_aeabi_ldivmod.o)
                              ./system/src/stm32f4-hal/stm32f4xx_hal_rcc.o (__aeabi_ldivmod)
/home/analys/.local/xPacks/@xpack-dev-tools/arm-none-eabi-gcc/12.2.1-1.2.1/.content/bin/../lib/gcc/arm-none-eabi/12.2.1/thumb/v7e-m/nofp/libgcc.a(_aeabi_uldivmod.o)
                              ./system/src/stm32f4-hal/stm32f4xx_hal_rcc.o (__aeabi_uldivmod)
/home/analys/.local/xPacks/@xpack-dev-tools/arm-none-eabi-gcc/12.2.1-1.2.1/.content/bin/../lib/gcc/arm-none-eabi/12.2.1/thumb/v7e-m/nofp/libgcc.a(_udivmoddi4.o)
                              /home/analys/.local/xPacks/@xpack-dev-tools/arm-none-eabi-gcc/12.2.1-1.2.1/.content/bin/../lib/gcc/arm-none-eabi/12.2.1/thumb/v7e-m/nofp/libgcc.a(_aeabi_ldivmod.o) (__udivmoddi4)
/home/analys/.local/xPacks/@xpack-dev-tools/arm-none-eabi-gcc/12.2.1-1.2.1/.content/bin/../lib/gcc/arm-none-eabi/12.2.1/thumb/v7e-m/nofp/libgcc.a(_dvmd_tls.o)
                              /home/analys/.local/xPacks/@xpack-dev-tools/arm-none-eabi-gcc/12.2.1-1.2.1/.content/bin/../lib/gcc/arm-none-eabi/12.2.1/thumb/v7e-m/nofp/libgcc.a(_aeabi_ldivmod.o) (__aeabi_ldiv0)
/home/analys/.local/xPacks/@xpack-dev-tools/arm-none-eabi-gcc/12.2.1-1.2.1/.content/bin/../lib/gcc/arm-none-eabi/12.2.1/../../../../arm-none-eabi/lib/thumb/v7e-m/nofp/libg_nano.a(libc_a-errno.o)
                              ./system/src/newlib/sbrk.o (__errno)
/home/analys/.local/xPacks/@xpack-dev-tools/arm-none-eabi-gcc/12.2.1-1.2.1/.content/bin/../lib/gcc/arm-none-eabi/12.2.1/../../../../arm-none-eabi/lib/thumb/v7e-m/nofp/libg_nano.a(libc_a-impure.o)
                              /home/analys/.local/xPacks/@xpack-dev-tools/arm-none-eabi-gcc/12.2.1-1.2.1/.content/bin/../lib/gcc/arm-none-eabi/12.2.1/../../../../arm-none-eabi/lib/thumb/v7e-m/nofp/libg_nano.a(libc_a-errno.o) (_impure_ptr)

Discarded input sections

 .text          0x0000000000000000        0x0 ./system/src/stm32f4-hal/stm32f4xx_hal.o
 .data          0x0000000000000000        0x0 ./system/src/stm32f4-hal/stm32f4xx_hal.o
 .bss           0x0000000000000000        0x0 ./system/src/stm32f4-hal/stm32f4xx_hal.o
 .text.HAL_MspInit
                0x0000000000000000        0x2 ./system/src/stm32f4-hal/stm32f4xx_hal.o
 .text.HAL_MspDeInit
                0x0000000000000000        0x2 ./system/src/stm32f4-hal/stm32f4xx_hal.o
 .text.HAL_DeInit
                0x0000000000000000       0x2c ./system/src/stm32f4-hal/stm32f4xx_hal.o
 .text.HAL_GetTickPrio
                0x0000000000000000        0xc ./system/src/stm32f4-hal/stm32f4xx_hal.o
 .text.HAL_SetTickFreq
                0x0000000000000000       0x28 ./system/src/stm32f4-hal/stm32f4xx_hal.o
 .text.HAL_GetTickFreq
                0x0000000000000000        0xc ./system/src/stm32f4-hal/stm32f4xx_hal.o
 .text.HAL_Delay
                0x0000000000000000       0x28 ./system/src/stm32f4-hal/stm32f4xx_hal.o
 .text.HAL_SuspendTick
                0x0000000000000000        0xe ./system/src/stm32f4-hal/stm32f4xx_hal.o
 .text.HAL_ResumeTick
                0x0000000000000000        0xe ./system/src/stm32f4-hal/stm32f4xx_hal.o
 .text.HAL_GetHalVersion
                0x0000000000000000        0x8 ./system/src/stm32f4-hal/stm32f4xx_hal.o
 .text.HAL_GetREVID
                0x0000000000000000        0xc ./system/src/stm32f4-hal/stm32f4xx_hal.o
 .text.HAL_GetDEVID
                0x0000000000000000       0x10 ./system/src/stm32f4-hal/stm32f4xx_hal.o
 .text.HAL_DBGMCU_EnableDBGSleepMode
                0x0000000000000000       0x10 ./system/src/stm32f4-hal/stm32f4xx_hal.o
 .text.HAL_DBGMCU_DisableDBGSleepMode
                0x0000000000000000       0x10 ./system/src/stm32f4-hal/stm32f4xx_hal.o
 .text.HAL_DBGMCU_EnableDBGStopMode
                0x0000000000000000       0x10 ./system/src/stm32f4-hal/stm32f4xx_hal.o
 .text.HAL_DBGMCU_DisableDBGStopMode
                0x0000000000000000       0x10 ./system/src/stm32f4-hal/stm32f4xx_hal.o
 .text.HAL_DBGMCU_EnableDBGStandbyMode
                0x0000000000000000       0x10 ./system/src/stm32f4-hal/stm32f4xx_hal.o
 .text.HAL_DBGMCU_DisableDBGStandbyMode
                0x0000000000000000       0x10 ./system/src/stm32f4-hal/stm32f4xx_hal.o
 .text.HAL_EnableCompensationCell
                0x0000000000000000       0x10 ./system/src/stm32f4-hal/stm32f4xx_hal.o
 .text.HAL_DisableCompensationCell
                0x0000000000000000       0x10 ./system/src/stm32f4-hal/stm32f4xx_hal.o
 .text.HAL_GetUIDw0
                0x0000000000000000        0xc ./system/src/stm32f4-hal/stm32f4xx_hal.o
 .text.HAL_GetUIDw1
                0x0000000000000000        0xc ./system/src/stm32f4-hal/stm32f4xx_hal.o
 .text.HAL_GetUIDw2
                0x0000000000000000        0xc ./system/src/stm32f4-hal/stm32f4xx_hal.o
 .text          0x0000000000000000        0x0 ./system/src/stm32f4-hal/stm32f4xx_hal_cortex.o
 .data          0x0000000000000000        0x0 ./system/src/stm32f4-hal/stm32f4xx_hal_cortex.o
 .bss           0x0000000000000000        0x0 ./system/src/stm32f4-hal/stm32f4xx_hal_cortex.o
 .text.HAL_NVIC_EnableIRQ
                0x0000000000000000       0x1c ./system/src/stm32f4-hal/stm32f4xx_hal_cortex.o
 .text.HAL_NVIC_DisableIRQ
                0x0000000000000000       0x24 ./system/src/stm32f4-hal/stm32f4xx_hal_cortex.o
 .text.HAL_NVIC_SystemReset
                0x0000000000000000       0x24 ./system/src/stm32f4-hal/stm32f4xx_hal_cortex.o
 .text.HAL_MPU_Disable
                0x0000000000000000       0x1c ./system/src/stm32f4-hal/stm32f4xx_hal_cortex.o
 .text.HAL_MPU_Enable
                0x0000000000000000       0x20 ./system/src/stm32f4-hal/stm32f4xx_hal_cortex.o
 .text.HAL_MPU_ConfigRegion
                0x0000000000000000       0x58 ./system/src/stm32f4-hal/stm32f4xx_hal_cortex.o
 .text.HAL_NVIC_GetPriorityGrouping
                0x0000000000000000       0x10 ./system/src/stm32f4-hal/stm32f4xx_hal_cortex.o
 .text.HAL_NVIC_GetPriority
                0x0000000000000000       0x58 ./system/src/stm32f4-hal/stm32f4xx_hal_cortex.o
 .text.HAL_NVIC_SetPendingIRQ
                0x0000000000000000       0x1c ./system/src/stm32f4-hal/stm32f4xx_hal_cortex.o
 .text.HAL_NVIC_GetPendingIRQ
                0x0000000000000000       0x24 ./system/src/stm32f4-hal/stm32f4xx_hal_cortex.o
 .text.HAL_NVIC_ClearPendingIRQ
                0x0000000000000000       0x1c ./system/src/stm32f4-hal/stm32f4xx_hal_cortex.o
 .text.HAL_NVIC_GetActive
                0x0000000000000000       0x24 ./system/src/stm32f4-hal/stm32f4xx_hal_cortex.o
 .text.HAL_SYSTICK_Callback
                0x0000000000000000        0x2 ./system/src/stm32f4-hal/stm32f4xx_hal_cortex.o
 .text.HAL_SYSTICK_IRQHandler
                0x0000000000000000        0x8 ./system/src/stm32f4-hal/stm32f4xx_hal_cortex.o
 .text          0x0000000000000000        0x0 ./system/src/stm32f4-hal/stm32f4xx_hal_flash.o
 .data          0x0000000000000000        0x0 ./system/src/stm32f4-hal/stm32f4xx_hal_flash.o
 .bss           0x0000000000000000        0x0 ./system/src/stm32f4-hal/stm32f4xx_hal_flash.o
 .text.FLASH_Program_DoubleWord
                0x0000000000000000       0x2c ./system/src/stm32f4-hal/stm32f4xx_hal_flash.o
 .text.FLASH_Program_Word
                0x0000000000000000       0x24 ./system/src/stm32f4-hal/stm32f4xx_hal_flash.o
 .text.FLASH_Program_HalfWord
                0x0000000000000000       0x24 ./system/src/stm32f4-hal/stm32f4xx_hal_flash.o
 .text.FLASH_SetErrorCode
                0x0000000000000000       0x74 ./system/src/stm32f4-hal/stm32f4xx_hal_flash.o
 .text.HAL_FLASH_Program_IT
                0x0000000000000000       0x74 ./system/src/stm32f4-hal/stm32f4xx_hal_flash.o
 .text.HAL_FLASH_EndOfOperationCallback
                0x0000000000000000        0x2 ./system/src/stm32f4-hal/stm32f4xx_hal_flash.o
 .text.HAL_FLASH_OperationErrorCallback
                0x0000000000000000        0x2 ./system/src/stm32f4-hal/stm32f4xx_hal_flash.o
 .text.HAL_FLASH_IRQHandler
                0x0000000000000000       0xc4 ./system/src/stm32f4-hal/stm32f4xx_hal_flash.o
 .text.HAL_FLASH_Unlock
                0x0000000000000000       0x24 ./system/src/stm32f4-hal/stm32f4xx_hal_flash.o
 .text.HAL_FLASH_Lock
                0x0000000000000000       0x14 ./system/src/stm32f4-hal/stm32f4xx_hal_flash.o
 .text.HAL_FLASH_OB_Unlock
                0x0000000000000000       0x24 ./system/src/stm32f4-hal/stm32f4xx_hal_flash.o
 .text.HAL_FLASH_OB_Lock
                0x0000000000000000       0x14 ./system/src/stm32f4-hal/stm32f4xx_hal_flash.o
 .text.HAL_FLASH_GetError
                0x0000000000000000        0xc ./system/src/stm32f4-hal/stm32f4xx_hal_flash.o
 .text.FLASH_WaitForLastOperation
                0x0000000000000000       0x50 ./system/src/stm32f4-hal/stm32f4xx_hal_flash.o
 .text.HAL_FLASH_Program
                0x0000000000000000       0x8c ./system/src/stm32f4-hal/stm32f4xx_hal_flash.o
 .text.HAL_FLASH_OB_Launch
                0x0000000000000000       0x18 ./system/src/stm32f4-hal/stm32f4xx_hal_flash.o
 .bss.pFlash    0x0000000000000000       0x20 ./system/src/stm32f4-hal/stm32f4xx_hal_flash.o
 .debug_info    0x0000000000000000      0x6f5 ./system/src/stm32f4-hal/stm32f4xx_hal_flash.o
 .debug_abbrev  0x0000000000000000      0x321 ./system/src/stm32f4-hal/stm32f4xx_hal_flash.o
 .debug_loclists
                0x0000000000000000      0x208 ./system/src/stm32f4-hal/stm32f4xx_hal_flash.o
 .debug_aranges
                0x0000000000000000       0x98 ./system/src/stm32f4-hal/stm32f4xx_hal_flash.o
 .debug_rnglists
                0x0000000000000000       0x87 ./system/src/stm32f4-hal/stm32f4xx_hal_flash.o
 .debug_line    0x0000000000000000      0x762 ./system/src/stm32f4-hal/stm32f4xx_hal_flash.o
 .debug_str     0x0000000000000000      0x509 ./system/src/stm32f4-hal/stm32f4xx_hal_flash.o
 .comment       0x0000000000000000       0x3a ./system/src/stm32f4-hal/stm32f4xx_hal_flash.o
 .debug_frame   0x0000000000000000      0x150 ./system/src/stm32f4-hal/stm32f4xx_hal_flash.o
 .ARM.attributes
                0x0000000000000000       0x2e ./system/src/stm32f4-hal/stm32f4xx_hal_flash.o
 .text          0x0000000000000000        0x0 ./system/src/stm32f4-hal/stm32f4xx_hal_flash_ex.o
 .data          0x0000000000000000        0x0 ./system/src/stm32f4-hal/stm32f4xx_hal_flash_ex.o
 .bss           0x0000000000000000        0x0 ./system/src/stm32f4-hal/stm32f4xx_hal_flash_ex.o
 .text.FLASH_MassErase.constprop.0
                0x0000000000000000       0x24 ./system/src/stm32f4-hal/stm32f4xx_hal_flash_ex.o
 .text.HAL_FLASHEx_OBProgram
                0x0000000000000000       0xb0 ./system/src/stm32f4-hal/stm32f4xx_hal_flash_ex.o
 .text.HAL_FLASHEx_OBGetConfig
                0x0000000000000000       0x34 ./system/src/stm32f4-hal/stm32f4xx_hal_flash_ex.o
 .text.FLASH_Erase_Sector
                0x0000000000000000       0x3c ./system/src/stm32f4-hal/stm32f4xx_hal_flash_ex.o
 .text.HAL_FLASHEx_Erase_IT
                0x0000000000000000       0x60 ./system/src/stm32f4-hal/stm32f4xx_hal_flash_ex.o
 .text.FLASH_FlushCaches
                0x0000000000000000       0x58 ./system/src/stm32f4-hal/stm32f4xx_hal_flash_ex.o
 .text.HAL_FLASHEx_Erase
                0x0000000000000000       0xa0 ./system/src/stm32f4-hal/stm32f4xx_hal_flash_ex.o
 .debug_info    0x0000000000000000      0x899 ./system/src/stm32f4-hal/stm32f4xx_hal_flash_ex.o
 .debug_abbrev  0x0000000000000000      0x313 ./system/src/stm32f4-hal/stm32f4xx_hal_flash_ex.o
 .debug_loclists
                0x0000000000000000      0x2a8 ./system/src/stm32f4-hal/stm32f4xx_hal_flash_ex.o
 .debug_aranges
                0x0000000000000000       0x50 ./system/src/stm32f4-hal/stm32f4xx_hal_flash_ex.o
 .debug_rnglists
                0x0000000000000000       0x6c ./system/src/stm32f4-hal/stm32f4xx_hal_flash_ex.o
 .debug_line    0x0000000000000000      0x624 ./system/src/stm32f4-hal/stm32f4xx_hal_flash_ex.o
 .debug_str     0x0000000000000000      0x564 ./system/src/stm32f4-hal/stm32f4xx_hal_flash_ex.o
 .comment       0x0000000000000000       0x3a ./system/src/stm32f4-hal/stm32f4xx_hal_flash_ex.o
 .debug_frame   0x0000000000000000       0xa8 ./system/src/stm32f4-hal/stm32f4xx_hal_flash_ex.o
 .ARM.attributes
                0x0000000000000000       0x2e ./system/src/stm32f4-hal/stm32f4xx_hal_flash_ex.o
 .text          0x0000000000000000        0x0 ./system/src/stm32f4-hal/stm32f4xx_hal_flash_ramfunc.o
 .data          0x0000000000000000        0x0 ./system/src/stm32f4-hal/stm32f4xx_hal_flash_ramfunc.o
 .bss           0x0000000000000000        0x0 ./system/src/stm32f4-hal/stm32f4xx_hal_flash_ramfunc.o
 .debug_info    0x0000000000000000       0x6c ./system/src/stm32f4-hal/stm32f4xx_hal_flash_ramfunc.o
 .debug_abbrev  0x0000000000000000       0x26 ./system/src/stm32f4-hal/stm32f4xx_hal_flash_ramfunc.o
 .debug_aranges
                0x0000000000000000       0x18 ./system/src/stm32f4-hal/stm32f4xx_hal_flash_ramfunc.o
 .debug_line    0x0000000000000000       0x58 ./system/src/stm32f4-hal/stm32f4xx_hal_flash_ramfunc.o
 .debug_str     0x0000000000000000      0x1a4 ./system/src/stm32f4-hal/stm32f4xx_hal_flash_ramfunc.o
 .comment       0x0000000000000000       0x3a ./system/src/stm32f4-hal/stm32f4xx_hal_flash_ramfunc.o
 .ARM.attributes
                0x0000000000000000       0x2e ./system/src/stm32f4-hal/stm32f4xx_hal_flash_ramfunc.o
 .text          0x0000000000000000        0x0 ./system/src/stm32f4-hal/stm32f4xx_hal_gpio.o
 .data          0x0000000000000000        0x0 ./system/src/stm32f4-hal/stm32f4xx_hal_gpio.o
 .bss           0x0000000000000000        0x0 ./system/src/stm32f4-hal/stm32f4xx_hal_gpio.o
 .text.HAL_GPIO_DeInit
                0x0000000000000000      0x11c ./system/src/stm32f4-hal/stm32f4xx_hal_gpio.o
 .text.HAL_GPIO_WritePin
                0x0000000000000000        0xa ./system/src/stm32f4-hal/stm32f4xx_hal_gpio.o
 .text.HAL_GPIO_TogglePin
                0x0000000000000000        0xe ./system/src/stm32f4-hal/stm32f4xx_hal_gpio.o
 .text.HAL_GPIO_LockPin
                0x0000000000000000       0x2a ./system/src/stm32f4-hal/stm32f4xx_hal_gpio.o
 .text.HAL_GPIO_EXTI_Callback
                0x0000000000000000        0x2 ./system/src/stm32f4-hal/stm32f4xx_hal_gpio.o
 .text.HAL_GPIO_EXTI_IRQHandler
                0x0000000000000000       0x18 ./system/src/stm32f4-hal/stm32f4xx_hal_gpio.o
 .text          0x0000000000000000        0x0 ./system/src/stm32f4-hal/stm32f4xx_hal_iwdg.o
 .data          0x0000000000000000        0x0 ./system/src/stm32f4-hal/stm32f4xx_hal_iwdg.o
 .bss           0x0000000000000000        0x0 ./system/src/stm32f4-hal/stm32f4xx_hal_iwdg.o
 .text.HAL_IWDG_Init
                0x0000000000000000       0x42 ./system/src/stm32f4-hal/stm32f4xx_hal_iwdg.o
 .text.HAL_IWDG_Refresh
                0x0000000000000000        0xc ./system/src/stm32f4-hal/stm32f4xx_hal_iwdg.o
 .debug_info    0x0000000000000000      0x1e9 ./system/src/stm32f4-hal/stm32f4xx_hal_iwdg.o
 .debug_abbrev  0x0000000000000000      0x139 ./system/src/stm32f4-hal/stm32f4xx_hal_iwdg.o
 .debug_loclists
                0x0000000000000000       0x60 ./system/src/stm32f4-hal/stm32f4xx_hal_iwdg.o
 .debug_aranges
                0x0000000000000000       0x28 ./system/src/stm32f4-hal/stm32f4xx_hal_iwdg.o
 .debug_rnglists
                0x0000000000000000       0x19 ./system/src/stm32f4-hal/stm32f4xx_hal_iwdg.o
 .debug_line    0x0000000000000000      0x1f2 ./system/src/stm32f4-hal/stm32f4xx_hal_iwdg.o
 .debug_str     0x0000000000000000      0x267 ./system/src/stm32f4-hal/stm32f4xx_hal_iwdg.o
 .comment       0x0000000000000000       0x3a ./system/src/stm32f4-hal/stm32f4xx_hal_iwdg.o
 .debug_frame   0x0000000000000000       0x3c ./system/src/stm32f4-hal/stm32f4xx_hal_iwdg.o
 .ARM.attributes
                0x0000000000000000       0x2e ./system/src/stm32f4-hal/stm32f4xx_hal_iwdg.o
 .text          0x0000000000000000        0x0 ./system/src/stm32f4-hal/stm32f4xx_hal_pwr.o
 .data          0x0000000000000000        0x0 ./system/src/stm32f4-hal/stm32f4xx_hal_pwr.o
 .bss           0x0000000000000000        0x0 ./system/src/stm32f4-hal/stm32f4xx_hal_pwr.o
 .text.HAL_PWR_DeInit
                0x0000000000000000       0x18 ./system/src/stm32f4-hal/stm32f4xx_hal_pwr.o
 .text.HAL_PWR_EnableBkUpAccess
                0x0000000000000000        0xc ./system/src/stm32f4-hal/stm32f4xx_hal_pwr.o
 .text.HAL_PWR_DisableBkUpAccess
                0x0000000000000000        0xc ./system/src/stm32f4-hal/stm32f4xx_hal_pwr.o
 .text.HAL_PWR_ConfigPVD
                0x0000000000000000       0x70 ./system/src/stm32f4-hal/stm32f4xx_hal_pwr.o
 .text.HAL_PWR_EnablePVD
                0x0000000000000000        0xc ./system/src/stm32f4-hal/stm32f4xx_hal_pwr.o
 .text.HAL_PWR_DisablePVD
                0x0000000000000000        0xc ./system/src/stm32f4-hal/stm32f4xx_hal_pwr.o
 .text.HAL_PWR_EnableWakeUpPin
                0x0000000000000000       0x10 ./system/src/stm32f4-hal/stm32f4xx_hal_pwr.o
 .text.HAL_PWR_DisableWakeUpPin
                0x0000000000000000       0x10 ./system/src/stm32f4-hal/stm32f4xx_hal_pwr.o
 .text.HAL_PWR_EnterSLEEPMode
                0x0000000000000000       0x20 ./system/src/stm32f4-hal/stm32f4xx_hal_pwr.o
 .text.HAL_PWR_EnterSTOPMode
                0x0000000000000000       0x38 ./system/src/stm32f4-hal/stm32f4xx_hal_pwr.o
 .text.HAL_PWR_EnterSTANDBYMode
                0x0000000000000000       0x20 ./system/src/stm32f4-hal/stm32f4xx_hal_pwr.o
 .text.HAL_PWR_PVDCallback
                0x0000000000000000        0x2 ./system/src/stm32f4-hal/stm32f4xx_hal_pwr.o
 .text.HAL_PWR_PVD_IRQHandler
                0x0000000000000000       0x1c ./system/src/stm32f4-hal/stm32f4xx_hal_pwr.o
 .text.HAL_PWR_EnableSleepOnExit
                0x0000000000000000       0x10 ./system/src/stm32f4-hal/stm32f4xx_hal_pwr.o
 .text.HAL_PWR_DisableSleepOnExit
                0x0000000000000000       0x10 ./system/src/stm32f4-hal/stm32f4xx_hal_pwr.o
 .text.HAL_PWR_EnableSEVOnPend
                0x0000000000000000       0x10 ./system/src/stm32f4-hal/stm32f4xx_hal_pwr.o
 .text.HAL_PWR_DisableSEVOnPend
                0x0000000000000000       0x10 ./system/src/stm32f4-hal/stm32f4xx_hal_pwr.o
 .debug_info    0x0000000000000000      0x6c3 ./system/src/stm32f4-hal/stm32f4xx_hal_pwr.o
 .debug_abbrev  0x0000000000000000      0x18b ./system/src/stm32f4-hal/stm32f4xx_hal_pwr.o
 .debug_loclists
                0x0000000000000000       0x23 ./system/src/stm32f4-hal/stm32f4xx_hal_pwr.o
 .debug_aranges
                0x0000000000000000       0xa0 ./system/src/stm32f4-hal/stm32f4xx_hal_pwr.o
 .debug_rnglists
                0x0000000000000000       0x73 ./system/src/stm32f4-hal/stm32f4xx_hal_pwr.o
 .debug_line    0x0000000000000000      0x371 ./system/src/stm32f4-hal/stm32f4xx_hal_pwr.o
 .debug_str     0x0000000000000000      0x50c ./system/src/stm32f4-hal/stm32f4xx_hal_pwr.o
 .comment       0x0000000000000000       0x3a ./system/src/stm32f4-hal/stm32f4xx_hal_pwr.o
 .debug_frame   0x0000000000000000      0x128 ./system/src/stm32f4-hal/stm32f4xx_hal_pwr.o
 .ARM.attributes
                0x0000000000000000       0x2e ./system/src/stm32f4-hal/stm32f4xx_hal_pwr.o
 .text          0x0000000000000000        0x0 ./system/src/stm32f4-hal/stm32f4xx_hal_rcc.o
 .data          0x0000000000000000        0x0 ./system/src/stm32f4-hal/stm32f4xx_hal_rcc.o
 .bss           0x0000000000000000        0x0 ./system/src/stm32f4-hal/stm32f4xx_hal_rcc.o
 .text.HAL_RCC_DeInit
                0x0000000000000000        0x4 ./system/src/stm32f4-hal/stm32f4xx_hal_rcc.o
 .text.HAL_RCC_MCOConfig
                0x0000000000000000       0x98 ./system/src/stm32f4-hal/stm32f4xx_hal_rcc.o
 .text.HAL_RCC_EnableCSS
                0x0000000000000000        0xc ./system/src/stm32f4-hal/stm32f4xx_hal_rcc.o
 .text.HAL_RCC_DisableCSS
                0x0000000000000000        0xc ./system/src/stm32f4-hal/stm32f4xx_hal_rcc.o
 .text.HAL_RCC_GetPCLK1Freq
                0x0000000000000000       0x20 ./system/src/stm32f4-hal/stm32f4xx_hal_rcc.o
 .text.HAL_RCC_GetPCLK2Freq
                0x0000000000000000       0x20 ./system/src/stm32f4-hal/stm32f4xx_hal_rcc.o
 .text.HAL_RCC_GetOscConfig
                0x0000000000000000       0x84 ./system/src/stm32f4-hal/stm32f4xx_hal_rcc.o
 .text.HAL_RCC_GetClockConfig
                0x0000000000000000       0x3c ./system/src/stm32f4-hal/stm32f4xx_hal_rcc.o
 .text.HAL_RCC_CSSCallback
                0x0000000000000000        0x2 ./system/src/stm32f4-hal/stm32f4xx_hal_rcc.o
 .text.HAL_RCC_NMI_IRQHandler
                0x0000000000000000       0x18 ./system/src/stm32f4-hal/stm32f4xx_hal_rcc.o
 .text          0x0000000000000000        0x0 ./system/src/newlib/assert.o
 .data          0x0000000000000000        0x0 ./system/src/newlib/assert.o
 .bss           0x0000000000000000        0x0 ./system/src/newlib/assert.o
 .text.__assert_func
                0x0000000000000000        0x6 ./system/src/newlib/assert.o
 .debug_info    0x0000000000000000      0x115 ./system/src/newlib/assert.o
 .debug_abbrev  0x0000000000000000       0xb5 ./system/src/newlib/assert.o
 .debug_loclists
                0x0000000000000000       0x68 ./system/src/newlib/assert.o
 .debug_aranges
                0x0000000000000000       0x20 ./system/src/newlib/assert.o
 .debug_rnglists
                0x0000000000000000       0x13 ./system/src/newlib/assert.o
 .debug_line    0x0000000000000000       0xfd ./system/src/newlib/assert.o
 .debug_str     0x0000000000000000      0x1d1 ./system/src/newlib/assert.o
 .comment       0x0000000000000000       0x3a ./system/src/newlib/assert.o
 .debug_frame   0x0000000000000000       0x28 ./system/src/newlib/assert.o
 .ARM.attributes
                0x0000000000000000       0x2e ./system/src/newlib/assert.o
 .text          0x0000000000000000        0x0 ./system/src/newlib/cxx.o
 .data          0x0000000000000000        0x0 ./system/src/newlib/cxx.o
 .bss           0x0000000000000000        0x0 ./system/src/newlib/cxx.o
 .text._ZN9__gnu_cxx27__verbose_terminate_handlerEv
                0x0000000000000000        0x6 ./system/src/newlib/cxx.o
 .text.__cxa_pure_virtual
                0x0000000000000000        0x6 ./system/src/newlib/cxx.o
 .debug_info    0x0000000000000000      0x746 ./system/src/newlib/cxx.o
 .debug_abbrev  0x0000000000000000      0x214 ./system/src/newlib/cxx.o
 .debug_aranges
                0x0000000000000000       0x28 ./system/src/newlib/cxx.o
 .debug_rnglists
                0x0000000000000000       0x19 ./system/src/newlib/cxx.o
 .debug_line    0x0000000000000000      0x336 ./system/src/newlib/cxx.o
 .debug_str     0x0000000000000000      0x3c6 ./system/src/newlib/cxx.o
 .comment       0x0000000000000000       0x3a ./system/src/newlib/cxx.o
 .debug_frame   0x0000000000000000       0x40 ./system/src/newlib/cxx.o
 .ARM.attributes
                0x0000000000000000       0x2e ./system/src/newlib/cxx.o
 .text          0x0000000000000000        0x0 ./system/src/newlib/exit.o
 .data          0x0000000000000000        0x0 ./system/src/newlib/exit.o
 .bss           0x0000000000000000        0x0 ./system/src/newlib/exit.o
 .text.abort    0x0000000000000000        0x8 ./system/src/newlib/exit.o
 .text          0x0000000000000000        0x0 ./system/src/newlib/sbrk.o
 .data          0x0000000000000000        0x0 ./system/src/newlib/sbrk.o
 .bss           0x0000000000000000        0x0 ./system/src/newlib/sbrk.o
 .text._sbrk    0x0000000000000000       0x3c ./system/src/newlib/sbrk.o
 .bss.current_heap_end.0
                0x0000000000000000        0x4 ./system/src/newlib/sbrk.o
 .debug_info    0x0000000000000000      0x10b ./system/src/newlib/sbrk.o
 .debug_abbrev  0x0000000000000000       0xca ./system/src/newlib/sbrk.o
 .debug_loclists
                0x0000000000000000       0x56 ./system/src/newlib/sbrk.o
 .debug_aranges
                0x0000000000000000       0x20 ./system/src/newlib/sbrk.o
 .debug_rnglists
                0x0000000000000000       0x13 ./system/src/newlib/sbrk.o
 .debug_line    0x0000000000000000      0x136 ./system/src/newlib/sbrk.o
 .debug_str     0x0000000000000000      0x1e7 ./system/src/newlib/sbrk.o
 .comment       0x0000000000000000       0x3a ./system/src/newlib/sbrk.o
 .debug_frame   0x0000000000000000       0x28 ./system/src/newlib/sbrk.o
 .ARM.attributes
                0x0000000000000000       0x2e ./system/src/newlib/sbrk.o
 .text          0x0000000000000000        0x0 ./system/src/newlib/startup.o
 .data          0x0000000000000000        0x0 ./system/src/newlib/startup.o
 .bss           0x0000000000000000        0x0 ./system/src/newlib/startup.o
 .text.__initialize_data
                0x0000000000000000       0x10 ./system/src/newlib/startup.o
 .text.__initialize_bss
                0x0000000000000000        0xe ./system/src/newlib/startup.o
 .text.__run_init_array
                0x0000000000000000       0x44 ./system/src/newlib/startup.o
 .text.__run_fini_array
                0x0000000000000000       0x24 ./system/src/newlib/startup.o
 .text          0x0000000000000000        0x0 ./system/src/newlib/syscalls.o
 .data          0x0000000000000000        0x0 ./system/src/newlib/syscalls.o
 .bss           0x0000000000000000        0x0 ./system/src/newlib/syscalls.o
 .text.raise    0x0000000000000000       0x10 ./system/src/newlib/syscalls.o
 .text.kill     0x0000000000000000       0x10 ./system/src/newlib/syscalls.o
 .bss.__dso_handle
                0x0000000000000000        0x4 ./system/src/newlib/syscalls.o
 .bss.errno     0x0000000000000000        0x4 ./system/src/newlib/syscalls.o
 .text          0x0000000000000000        0x0 ./system/src/diag/trace-impl.o
 .data          0x0000000000000000        0x0 ./system/src/diag/trace-impl.o
 .bss           0x0000000000000000        0x0 ./system/src/diag/trace-impl.o
 .debug_line    0x0000000000000000        0x0 ./system/src/diag/trace-impl.o
 .debug_str     0x0000000000000000       0xfc ./system/src/diag/trace-impl.o
 .comment       0x0000000000000000       0x3a ./system/src/diag/trace-impl.o
 .ARM.attributes
                0x0000000000000000       0x2e ./system/src/diag/trace-impl.o
 .text          0x0000000000000000        0x0 ./system/src/diag/trace.o
 .data          0x0000000000000000        0x0 ./system/src/diag/trace.o
 .bss           0x0000000000000000        0x0 ./system/src/diag/trace.o
 .debug_line    0x0000000000000000        0x0 ./system/src/diag/trace.o
 .debug_str     0x0000000000000000       0xf7 ./system/src/diag/trace.o
 .comment       0x0000000000000000       0x3a ./system/src/diag/trace.o
 .ARM.attributes
                0x0000000000000000       0x2e ./system/src/diag/trace.o
 .text          0x0000000000000000        0x0 ./system/src/cortexm/exception-handlers.o
 .data          0x0000000000000000        0x0 ./system/src/cortexm/exception-handlers.o
 .bss           0x0000000000000000        0x0 ./system/src/cortexm/exception-handlers.o
 .text          0x0000000000000000        0x0 ./system/src/cortexm/initialize-hardware.o
 .data          0x0000000000000000        0x0 ./system/src/cortexm/initialize-hardware.o
 .bss           0x0000000000000000        0x0 ./system/src/cortexm/initialize-hardware.o
 .text.__initialize_hardware
                0x0000000000000000        0x4 ./system/src/cortexm/initialize-hardware.o
 .text          0x0000000000000000        0x0 ./system/src/cortexm/reset-hardware.o
 .data          0x0000000000000000        0x0 ./system/src/cortexm/reset-hardware.o
 .bss           0x0000000000000000        0x0 ./system/src/cortexm/reset-hardware.o
 .text          0x0000000000000000        0x0 ./system/src/cmsis/system_stm32f4xx.o
 .data          0x0000000000000000        0x0 ./system/src/cmsis/system_stm32f4xx.o
 .bss           0x0000000000000000        0x0 ./system/src/cmsis/system_stm32f4xx.o
 .rodata.APBPrescTable
                0x0000000000000000        0x8 ./system/src/cmsis/system_stm32f4xx.o
 .text          0x0000000000000000        0x0 ./system/src/cmsis/vectors_stm32f407xx.o
 .data          0x0000000000000000        0x0 ./system/src/cmsis/vectors_stm32f407xx.o
 .bss           0x0000000000000000        0x0 ./system/src/cmsis/vectors_stm32f407xx.o
 .text          0x0000000000000000        0x0 ./src/initialize-hardware.o
 .data          0x0000000000000000        0x0 ./src/initialize-hardware.o
 .bss           0x0000000000000000        0x0 ./src/initialize-hardware.o
 .text          0x0000000000000000        0x0 ./src/led.o
 .data          0x0000000000000000        0x0 ./src/led.o
 .bss           0x0000000000000000        0x0 ./src/led.o
 .text._ZN3led6pwm_upEv
                0x0000000000000000       0x34 ./src/led.o
 .text._ZN3led6toggleEv
                0x0000000000000000       0x1e ./src/led.o
 .text._ZN3led4isOnEv
                0x0000000000000000       0x26 ./src/led.o
 .text          0x0000000000000000        0x0 ./src/main.o
 .data          0x0000000000000000        0x0 ./src/main.o
 .bss           0x0000000000000000        0x0 ./src/main.o
 .text          0x0000000000000000        0x0 ./src/stm32f4xx_hal_msp.o
 .data          0x0000000000000000        0x0 ./src/stm32f4xx_hal_msp.o
 .bss           0x0000000000000000        0x0 ./src/stm32f4xx_hal_msp.o
 .text.HAL_MspDeInit
                0x0000000000000000        0x2 ./src/stm32f4xx_hal_msp.o
 .text.HAL_PPP_MspInit
                0x0000000000000000        0x2 ./src/stm32f4xx_hal_msp.o
 .text.HAL_PPP_MspDeInit
                0x0000000000000000        0x2 ./src/stm32f4xx_hal_msp.o
 .text          0x0000000000000000        0x0 ./src/timer.o
 .data          0x0000000000000000        0x0 ./src/timer.o
 .bss           0x0000000000000000        0x0 ./src/timer.o
 .text          0x0000000000000000        0x0 ./src/write.o
 .data          0x0000000000000000        0x0 ./src/write.o
 .bss           0x0000000000000000        0x0 ./src/write.o
 .debug_line    0x0000000000000000        0x0 ./src/write.o
 .debug_str     0x0000000000000000       0xeb ./src/write.o
 .comment       0x0000000000000000       0x3a ./src/write.o
 .ARM.attributes
                0x0000000000000000       0x2e ./src/write.o
 .text          0x0000000000000000       0xa0 /home/analys/.local/xPacks/@xpack-dev-tools/arm-none-eabi-gcc/12.2.1-1.2.1/.content/bin/../lib/gcc/arm-none-eabi/12.2.1/thumb/v7e-m/nofp/libgcc.a(_aeabi_ldivmod.o)
 .data          0x0000000000000000        0x0 /home/analys/.local/xPacks/@xpack-dev-tools/arm-none-eabi-gcc/12.2.1-1.2.1/.content/bin/../lib/gcc/arm-none-eabi/12.2.1/thumb/v7e-m/nofp/libgcc.a(_aeabi_ldivmod.o)
 .bss           0x0000000000000000        0x0 /home/analys/.local/xPacks/@xpack-dev-tools/arm-none-eabi-gcc/12.2.1-1.2.1/.content/bin/../lib/gcc/arm-none-eabi/12.2.1/thumb/v7e-m/nofp/libgcc.a(_aeabi_ldivmod.o)
 .ARM.attributes
                0x0000000000000000       0x1e /home/analys/.local/xPacks/@xpack-dev-tools/arm-none-eabi-gcc/12.2.1-1.2.1/.content/bin/../lib/gcc/arm-none-eabi/12.2.1/thumb/v7e-m/nofp/libgcc.a(_aeabi_ldivmod.o)
 .data          0x0000000000000000        0x0 /home/analys/.local/xPacks/@xpack-dev-tools/arm-none-eabi-gcc/12.2.1-1.2.1/.content/bin/../lib/gcc/arm-none-eabi/12.2.1/thumb/v7e-m/nofp/libgcc.a(_aeabi_uldivmod.o)
 .bss           0x0000000000000000        0x0 /home/analys/.local/xPacks/@xpack-dev-tools/arm-none-eabi-gcc/12.2.1-1.2.1/.content/bin/../lib/gcc/arm-none-eabi/12.2.1/thumb/v7e-m/nofp/libgcc.a(_aeabi_uldivmod.o)
 .text          0x0000000000000000        0x0 /home/analys/.local/xPacks/@xpack-dev-tools/arm-none-eabi-gcc/12.2.1-1.2.1/.content/bin/../lib/gcc/arm-none-eabi/12.2.1/thumb/v7e-m/nofp/libgcc.a(_udivmoddi4.o)
 .data          0x0000000000000000        0x0 /home/analys/.local/xPacks/@xpack-dev-tools/arm-none-eabi-gcc/12.2.1-1.2.1/.content/bin/../lib/gcc/arm-none-eabi/12.2.1/thumb/v7e-m/nofp/libgcc.a(_udivmoddi4.o)
 .bss           0x0000000000000000        0x0 /home/analys/.local/xPacks/@xpack-dev-tools/arm-none-eabi-gcc/12.2.1-1.2.1/.content/bin/../lib/gcc/arm-none-eabi/12.2.1/thumb/v7e-m/nofp/libgcc.a(_udivmoddi4.o)
 .ARM.extab.text.__udivmoddi4
                0x0000000000000000        0x0 /home/analys/.local/xPacks/@xpack-dev-tools/arm-none-eabi-gcc/12.2.1-1.2.1/.content/bin/../lib/gcc/arm-none-eabi/12.2.1/thumb/v7e-m/nofp/libgcc.a(_udivmoddi4.o)
 .data          0x0000000000000000        0x0 /home/analys/.local/xPacks/@xpack-dev-tools/arm-none-eabi-gcc/12.2.1-1.2.1/.content/bin/../lib/gcc/arm-none-eabi/12.2.1/thumb/v7e-m/nofp/libgcc.a(_dvmd_tls.o)
 .bss           0x0000000000000000        0x0 /home/analys/.local/xPacks/@xpack-dev-tools/arm-none-eabi-gcc/12.2.1-1.2.1/.content/bin/../lib/gcc/arm-none-eabi/12.2.1/thumb/v7e-m/nofp/libgcc.a(_dvmd_tls.o)
 .text          0x0000000000000000        0x0 /home/analys/.local/xPacks/@xpack-dev-tools/arm-none-eabi-gcc/12.2.1-1.2.1/.content/bin/../lib/gcc/arm-none-eabi/12.2.1/../../../../arm-none-eabi/lib/thumb/v7e-m/nofp/libg_nano.a(libc_a-errno.o)
 .data          0x0000000000000000        0x0 /home/analys/.local/xPacks/@xpack-dev-tools/arm-none-eabi-gcc/12.2.1-1.2.1/.content/bin/../lib/gcc/arm-none-eabi/12.2.1/../../../../arm-none-eabi/lib/thumb/v7e-m/nofp/libg_nano.a(libc_a-errno.o)
 .bss           0x0000000000000000        0x0 /home/analys/.local/xPacks/@xpack-dev-tools/arm-none-eabi-gcc/12.2.1-1.2.1/.content/bin/../lib/gcc/arm-none-eabi/12.2.1/../../../../arm-none-eabi/lib/thumb/v7e-m/nofp/libg_nano.a(libc_a-errno.o)
 .text.__errno  0x0000000000000000        0xc /home/analys/.local/xPacks/@xpack-dev-tools/arm-none-eabi-gcc/12.2.1-1.2.1/.content/bin/../lib/gcc/arm-none-eabi/12.2.1/../../../../arm-none-eabi/lib/thumb/v7e-m/nofp/libg_nano.a(libc_a-errno.o)
 .comment       0x0000000000000000       0x3a /home/analys/.local/xPacks/@xpack-dev-tools/arm-none-eabi-gcc/12.2.1-1.2.1/.content/bin/../lib/gcc/arm-none-eabi/12.2.1/../../../../arm-none-eabi/lib/thumb/v7e-m/nofp/libg_nano.a(libc_a-errno.o)
 .ARM.attributes
                0x0000000000000000       0x2e /home/analys/.local/xPacks/@xpack-dev-tools/arm-none-eabi-gcc/12.2.1-1.2.1/.content/bin/../lib/gcc/arm-none-eabi/12.2.1/../../../../arm-none-eabi/lib/thumb/v7e-m/nofp/libg_nano.a(libc_a-errno.o)
 .text          0x0000000000000000        0x0 /home/analys/.local/xPacks/@xpack-dev-tools/arm-none-eabi-gcc/12.2.1-1.2.1/.content/bin/../lib/gcc/arm-none-eabi/12.2.1/../../../../arm-none-eabi/lib/thumb/v7e-m/nofp/libg_nano.a(libc_a-impure.o)
 .data          0x0000000000000000        0x0 /home/analys/.local/xPacks/@xpack-dev-tools/arm-none-eabi-gcc/12.2.1-1.2.1/.content/bin/../lib/gcc/arm-none-eabi/12.2.1/../../../../arm-none-eabi/lib/thumb/v7e-m/nofp/libg_nano.a(libc_a-impure.o)
 .bss           0x0000000000000000        0x0 /home/analys/.local/xPacks/@xpack-dev-tools/arm-none-eabi-gcc/12.2.1-1.2.1/.content/bin/../lib/gcc/arm-none-eabi/12.2.1/../../../../arm-none-eabi/lib/thumb/v7e-m/nofp/libg_nano.a(libc_a-impure.o)
 .data._impure_ptr
                0x0000000000000000        0x4 /home/analys/.local/xPacks/@xpack-dev-tools/arm-none-eabi-gcc/12.2.1-1.2.1/.content/bin/../lib/gcc/arm-none-eabi/12.2.1/../../../../arm-none-eabi/lib/thumb/v7e-m/nofp/libg_nano.a(libc_a-impure.o)
 .data._impure_data
                0x0000000000000000       0x4c /home/analys/.local/xPacks/@xpack-dev-tools/arm-none-eabi-gcc/12.2.1-1.2.1/.content/bin/../lib/gcc/arm-none-eabi/12.2.1/../../../../arm-none-eabi/lib/thumb/v7e-m/nofp/libg_nano.a(libc_a-impure.o)
 .comment       0x0000000000000000       0x3a /home/analys/.local/xPacks/@xpack-dev-tools/arm-none-eabi-gcc/12.2.1-1.2.1/.content/bin/../lib/gcc/arm-none-eabi/12.2.1/../../../../arm-none-eabi/lib/thumb/v7e-m/nofp/libg_nano.a(libc_a-impure.o)
 .ARM.attributes
                0x0000000000000000       0x2e /home/analys/.local/xPacks/@xpack-dev-tools/arm-none-eabi-gcc/12.2.1-1.2.1/.content/bin/../lib/gcc/arm-none-eabi/12.2.1/../../../../arm-none-eabi/lib/thumb/v7e-m/nofp/libg_nano.a(libc_a-impure.o)

Memory Configuration

Name             Origin             Length             Attributes
RAM              0x0000000020000000 0x0000000000020000 xrw
CCMRAM           0x0000000010000000 0x0000000000010000 xrw
FLASH            0x0000000008000000 0x0000000000100000 xr
FLASHB1          0x0000000000000000 0x0000000000000000 xr
EXTMEMB0         0x0000000000000000 0x0000000000000000 xr
EXTMEMB1         0x0000000000000000 0x0000000000000000 xr
EXTMEMB2         0x0000000000000000 0x0000000000000000 xr
EXTMEMB3         0x0000000000000000 0x0000000000000000 xr
MEMORY_ARRAY     0x0000000020002000 0x0000000000000020 xrw
*default*        0x0000000000000000 0xffffffffffffffff

Linker script and memory map

LOAD ./system/src/stm32f4-hal/stm32f4xx_hal.o
LOAD ./system/src/stm32f4-hal/stm32f4xx_hal_cortex.o
LOAD ./system/src/stm32f4-hal/stm32f4xx_hal_flash.o
LOAD ./system/src/stm32f4-hal/stm32f4xx_hal_flash_ex.o
LOAD ./system/src/stm32f4-hal/stm32f4xx_hal_flash_ramfunc.o
LOAD ./system/src/stm32f4-hal/stm32f4xx_hal_gpio.o
LOAD ./system/src/stm32f4-hal/stm32f4xx_hal_iwdg.o
LOAD ./system/src/stm32f4-hal/stm32f4xx_hal_pwr.o
LOAD ./system/src/stm32f4-hal/stm32f4xx_hal_rcc.o
LOAD ./system/src/newlib/assert.o
LOAD ./system/src/newlib/cxx.o
LOAD ./system/src/newlib/exit.o
LOAD ./system/src/newlib/sbrk.o
LOAD ./system/src/newlib/startup.o
LOAD ./system/src/newlib/syscalls.o
LOAD ./system/src/diag/trace-impl.o
LOAD ./system/src/diag/trace.o
LOAD ./system/src/cortexm/exception-handlers.o
LOAD ./system/src/cortexm/initialize-hardware.o
LOAD ./system/src/cortexm/reset-hardware.o
LOAD ./system/src/cmsis/system_stm32f4xx.o
LOAD ./system/src/cmsis/vectors_stm32f407xx.o
LOAD ./src/initialize-hardware.o
LOAD ./src/led.o
LOAD ./src/main.o
LOAD ./src/stm32f4xx_hal_msp.o
LOAD ./src/timer.o
LOAD ./src/write.o
LOAD /home/analys/.local/xPacks/@xpack-dev-tools/arm-none-eabi-gcc/12.2.1-1.2.1/.content/bin/../lib/gcc/arm-none-eabi/12.2.1/../../../../arm-none-eabi/lib/thumb/v7e-m/nofp/libstdc++_nano.a
LOAD /home/analys/.local/xPacks/@xpack-dev-tools/arm-none-eabi-gcc/12.2.1-1.2.1/.content/bin/../lib/gcc/arm-none-eabi/12.2.1/../../../../arm-none-eabi/lib/thumb/v7e-m/nofp/libm.a
START GROUP
LOAD /home/analys/.local/xPacks/@xpack-dev-tools/arm-none-eabi-gcc/12.2.1-1.2.1/.content/bin/../lib/gcc/arm-none-eabi/12.2.1/thumb/v7e-m/nofp/libgcc.a
LOAD /home/analys/.local/xPacks/@xpack-dev-tools/arm-none-eabi-gcc/12.2.1-1.2.1/.content/bin/../lib/gcc/arm-none-eabi/12.2.1/../../../../arm-none-eabi/lib/thumb/v7e-m/nofp/libg_nano.a
LOAD /home/analys/.local/xPacks/@xpack-dev-tools/arm-none-eabi-gcc/12.2.1-1.2.1/.content/bin/../lib/gcc/arm-none-eabi/12.2.1/../../../../arm-none-eabi/lib/thumb/v7e-m/nofp/libc_nano.a
END GROUP
START GROUP
LOAD /home/analys/.local/xPacks/@xpack-dev-tools/arm-none-eabi-gcc/12.2.1-1.2.1/.content/bin/../lib/gcc/arm-none-eabi/12.2.1/thumb/v7e-m/nofp/libgcc.a
LOAD /home/analys/.local/xPacks/@xpack-dev-tools/arm-none-eabi-gcc/12.2.1-1.2.1/.content/bin/../lib/gcc/arm-none-eabi/12.2.1/../../../../arm-none-eabi/lib/thumb/v7e-m/nofp/libc_nano.a
END GROUP
                0x0000000020020000                __stack = (ORIGIN (RAM) + LENGTH (RAM))
                0x0000000020020000                _estack = __stack
                0x0000000000000400                __Main_Stack_Size = 0x400
                [!provide]                        PROVIDE (_Main_Stack_Size = __Main_Stack_Size)
                0x000000002001fc00                __Main_Stack_Limit = (__stack - __Main_Stack_Size)
                [!provide]                        PROVIDE (_Main_Stack_Limit = __Main_Stack_Limit)
                0x0000000000000100                _Minimum_Stack_Size = 0x100
                0x0000000020000060                PROVIDE (_Heap_Begin = _end_noinit)
                0x000000002001fc00                PROVIDE (_Heap_Limit = (__stack - __Main_Stack_Size))

.isr_vector     0x0000000008000000      0x2ba
 FILL mask 0xff
                0x0000000008000000                __vectors_start = ABSOLUTE (.)
                0x0000000008000000                __vectors_start__ = ABSOLUTE (.)
 *(.isr_vector)
 .isr_vector    0x0000000008000000      0x188 ./system/src/cmsis/vectors_stm32f407xx.o
                0x0000000008000000                __isr_vectors
 *(.cfmconfig)
 *(.after_vectors .after_vectors.*)
 .after_vectors
                0x0000000008000188       0xcc ./system/src/newlib/startup.o
                0x0000000008000188                _start
 .after_vectors
                0x0000000008000254       0x64 ./system/src/cortexm/exception-handlers.o
                0x0000000008000254                Reset_Handler
                0x0000000008000258                NMI_Handler
                0x000000000800025a                HardFault_Handler
                0x000000000800026e                HardFault_Handler_C
                0x0000000008000270                MemManage_Handler
                0x0000000008000272                BusFault_Handler
                0x0000000008000286                BusFault_Handler_C
                0x0000000008000288                UsageFault_Handler
                0x000000000800029c                UsageFault_Handler_C
                0x000000000800029e                SVC_Handler
                0x00000000080002a0                DebugMon_Handler
                0x00000000080002a2                PendSV_Handler
 .after_vectors
                0x00000000080002b8        0x2 ./system/src/cmsis/vectors_stm32f407xx.o
                0x00000000080002b8                RTC_Alarm_IRQHandler
                0x00000000080002b8                HASH_RNG_IRQHandler
                0x00000000080002b8                EXTI2_IRQHandler
                0x00000000080002b8                TIM8_CC_IRQHandler
                0x00000000080002b8                TIM1_CC_IRQHandler
                0x00000000080002b8                DMA2_Stream5_IRQHandler
                0x00000000080002b8                DMA1_Stream5_IRQHandler
                0x00000000080002b8                PVD_IRQHandler
                0x00000000080002b8                SDIO_IRQHandler
                0x00000000080002b8                TAMP_STAMP_IRQHandler
                0x00000000080002b8                CAN2_RX1_IRQHandler
                0x00000000080002b8                EXTI3_IRQHandler
                0x00000000080002b8                TIM8_TRG_COM_TIM14_IRQHandler
                0x00000000080002b8                TIM1_UP_TIM10_IRQHandler
                0x00000000080002b8                TIM8_UP_TIM13_IRQHandler
                0x00000000080002b8                I2C3_ER_IRQHandler
                0x00000000080002b8                EXTI0_IRQHandler
                0x00000000080002b8                I2C2_EV_IRQHandler
                0x00000000080002b8                DMA1_Stream2_IRQHandler
                0x00000000080002b8                CAN1_RX0_IRQHandler
                0x00000000080002b8                FPU_IRQHandler
                0x00000000080002b8                OTG_HS_WKUP_IRQHandler
                0x00000000080002b8                CAN2_SCE_IRQHandler
                0x00000000080002b8                DMA2_Stream2_IRQHandler
                0x00000000080002b8                SPI1_IRQHandler
                0x00000000080002b8                TIM6_DAC_IRQHandler
                0x00000000080002b8                TIM1_BRK_TIM9_IRQHandler
                0x00000000080002b8                DCMI_IRQHandler
                0x00000000080002b8                CAN2_RX0_IRQHandler
                0x00000000080002b8                DMA2_Stream3_IRQHandler
                0x00000000080002b8                USART6_IRQHandler
                0x00000000080002b8                USART3_IRQHandler
                0x00000000080002b8                CAN1_RX1_IRQHandler
                0x00000000080002b8                UART5_IRQHandler
                0x00000000080002b8                DMA2_Stream0_IRQHandler
                0x00000000080002b8                TIM4_IRQHandler
                0x00000000080002b8                I2C1_EV_IRQHandler
                0x00000000080002b8                DMA1_Stream6_IRQHandler
                0x00000000080002b8                DMA1_Stream1_IRQHandler
                0x00000000080002b8                UART4_IRQHandler
                0x00000000080002b8                TIM3_IRQHandler
                0x00000000080002b8                RCC_IRQHandler
                0x00000000080002b8                TIM8_BRK_TIM12_IRQHandler
                0x00000000080002b8                Default_Handler
                0x00000000080002b8                EXTI15_10_IRQHandler
                0x00000000080002b8                ADC_IRQHandler
                0x00000000080002b8                DMA1_Stream7_IRQHandler
                0x00000000080002b8                TIM7_IRQHandler
                0x00000000080002b8                CAN2_TX_IRQHandler
                0x00000000080002b8                TIM5_IRQHandler
                0x00000000080002b8                DMA2_Stream7_IRQHandler
                0x00000000080002b8                I2C3_EV_IRQHandler
                0x00000000080002b8                EXTI9_5_IRQHandler
                0x00000000080002b8                RTC_WKUP_IRQHandler
                0x00000000080002b8                ETH_WKUP_IRQHandler
                0x00000000080002b8                SPI2_IRQHandler
                0x00000000080002b8                OTG_HS_EP1_IN_IRQHandler
                0x00000000080002b8                DMA1_Stream0_IRQHandler
                0x00000000080002b8                CAN1_TX_IRQHandler
                0x00000000080002b8                EXTI4_IRQHandler
                0x00000000080002b8                ETH_IRQHandler
                0x00000000080002b8                OTG_HS_EP1_OUT_IRQHandler
                0x00000000080002b8                WWDG_IRQHandler
                0x00000000080002b8                TIM2_IRQHandler
                0x00000000080002b8                OTG_FS_WKUP_IRQHandler
                0x00000000080002b8                TIM1_TRG_COM_TIM11_IRQHandler
                0x00000000080002b8                OTG_HS_IRQHandler
                0x00000000080002b8                EXTI1_IRQHandler
                0x00000000080002b8                USART2_IRQHandler
                0x00000000080002b8                I2C2_ER_IRQHandler
                0x00000000080002b8                DMA2_Stream1_IRQHandler
                0x00000000080002b8                CAN1_SCE_IRQHandler
                0x00000000080002b8                FLASH_IRQHandler
                0x00000000080002b8                DMA2_Stream4_IRQHandler
                0x00000000080002b8                USART1_IRQHandler
                0x00000000080002b8                OTG_FS_IRQHandler
                0x00000000080002b8                SPI3_IRQHandler
                0x00000000080002b8                DMA1_Stream4_IRQHandler
                0x00000000080002b8                I2C1_ER_IRQHandler
                0x00000000080002b8                FMC_IRQHandler
                0x00000000080002b8                DMA2_Stream6_IRQHandler
                0x00000000080002b8                DMA1_Stream3_IRQHandler

.inits          0x00000000080002bc       0x2c
                0x00000000080002bc                __data_regions_array_start = .
                0x00000000080002bc        0x4 LONG 0x8001190 LOADADDR (.data)
                0x00000000080002c0        0x4 LONG 0x20000000 ADDR (.data)
                0x00000000080002c4        0x4 LONG 0x20000014 (ADDR (.data) + SIZEOF (.data))
                0x00000000080002c8        0x4 LONG 0x8001190 LOADADDR (.data_CCMRAM)
                0x00000000080002cc        0x4 LONG 0x10000000 ADDR (.data_CCMRAM)
                0x00000000080002d0        0x4 LONG 0x10000000 (ADDR (.data_CCMRAM) + SIZEOF (.data_CCMRAM))
                0x00000000080002d4                __data_regions_array_end = .
                0x00000000080002d4                __bss_regions_array_start = .
                0x00000000080002d4        0x4 LONG 0x20000014 ADDR (.bss)
                0x00000000080002d8        0x4 LONG 0x20000060 (ADDR (.bss) + SIZEOF (.bss))
                0x00000000080002dc        0x4 LONG 0x10000000 ADDR (.bss_CCMRAM)
                0x00000000080002e0        0x4 LONG 0x10000000 (ADDR (.bss_CCMRAM) + SIZEOF (.bss_CCMRAM))
                0x00000000080002e4                __bss_regions_array_end = .
 *(.init)
 *(.fini)
                0x00000000080002e4                . = ALIGN (0x4)
                0x00000000080002e4                PROVIDE (__preinit_array_start = .)
 *(.preinit_array_sysinit .preinit_array_sysinit.*)
 *(.preinit_array_platform .preinit_array_platform.*)
 *(.preinit_array .preinit_array.*)
                0x00000000080002e4                PROVIDE (__preinit_array_end = .)
                0x00000000080002e4                . = ALIGN (0x4)
                0x00000000080002e4                PROVIDE (__init_array_start = .)
 *(SORT_BY_NAME(.init_array.*))
 *(.init_array)
 .init_array    0x00000000080002e4        0x4 ./src/main.o
                0x00000000080002e8                PROVIDE (__init_array_end = .)
                0x00000000080002e8                . = ALIGN (0x4)
                0x00000000080002e8                PROVIDE (__fini_array_start = .)
 *(SORT_BY_NAME(.fini_array.*))
 *(.fini_array)
                0x00000000080002e8                PROVIDE (__fini_array_end = .)

.flashtext
 *(.flashtext .flashtext.*)

.text           0x00000000080002e8      0xea0
 *(.text .text.*)
 .text.HAL_InitTick
                0x00000000080002e8       0x48 ./system/src/stm32f4-hal/stm32f4xx_hal.o
                0x00000000080002e8                HAL_InitTick
 .text.HAL_Init
                0x0000000008000330       0x34 ./system/src/stm32f4-hal/stm32f4xx_hal.o
                0x0000000008000330                HAL_Init
 .text.HAL_IncTick
                0x0000000008000364       0x18 ./system/src/stm32f4-hal/stm32f4xx_hal.o
                0x0000000008000364                HAL_IncTick
 .text.HAL_GetTick
                0x000000000800037c        0xc ./system/src/stm32f4-hal/stm32f4xx_hal.o
                0x000000000800037c                HAL_GetTick
 .text.HAL_NVIC_SetPriorityGrouping
                0x0000000008000388       0x24 ./system/src/stm32f4-hal/stm32f4xx_hal_cortex.o
                0x0000000008000388                HAL_NVIC_SetPriorityGrouping
 .text.HAL_NVIC_SetPriority
                0x00000000080003ac       0x64 ./system/src/stm32f4-hal/stm32f4xx_hal_cortex.o
                0x00000000080003ac                HAL_NVIC_SetPriority
 .text.HAL_SYSTICK_Config
                0x0000000008000410       0x28 ./system/src/stm32f4-hal/stm32f4xx_hal_cortex.o
                0x0000000008000410                HAL_SYSTICK_Config
 .text.HAL_SYSTICK_CLKSourceConfig
                0x0000000008000438       0x16 ./system/src/stm32f4-hal/stm32f4xx_hal_cortex.o
                0x0000000008000438                HAL_SYSTICK_CLKSourceConfig
 *fill*         0x000000000800044e        0x2 
 .text.HAL_GPIO_Init
                0x0000000008000450      0x1d4 ./system/src/stm32f4-hal/stm32f4xx_hal_gpio.o
                0x0000000008000450                HAL_GPIO_Init
 .text.HAL_GPIO_ReadPin
                0x0000000008000624        0xc ./system/src/stm32f4-hal/stm32f4xx_hal_gpio.o
                0x0000000008000624                HAL_GPIO_ReadPin
 .text.HAL_RCC_OscConfig
                0x0000000008000630      0x350 ./system/src/stm32f4-hal/stm32f4xx_hal_rcc.o
                0x0000000008000630                HAL_RCC_OscConfig
 .text.HAL_RCC_GetSysClockFreq
                0x0000000008000980       0x5c ./system/src/stm32f4-hal/stm32f4xx_hal_rcc.o
                0x0000000008000980                HAL_RCC_GetSysClockFreq
 .text.HAL_RCC_ClockConfig
                0x00000000080009dc      0x134 ./system/src/stm32f4-hal/stm32f4xx_hal_rcc.o
                0x00000000080009dc                HAL_RCC_ClockConfig
 .text.HAL_RCC_GetHCLKFreq
                0x0000000008000b10        0xc ./system/src/stm32f4-hal/stm32f4xx_hal_rcc.o
                0x0000000008000b10                HAL_RCC_GetHCLKFreq
 .text._exit    0x0000000008000b1c        0x6 ./system/src/newlib/exit.o
                0x0000000008000b1c                _exit
 *fill*         0x0000000008000b22        0x2 
 .text.__initialize_args
                0x0000000008000b24       0x10 ./system/src/newlib/syscalls.o
                0x0000000008000b24                __initialize_args
 .text.__initialize_hardware_early
                0x0000000008000b34       0x18 ./system/src/cortexm/initialize-hardware.o
                0x0000000008000b34                __initialize_hardware_early
 .text.__reset_hardware
                0x0000000008000b4c       0x24 ./system/src/cortexm/reset-hardware.o
                0x0000000008000b4c                __reset_hardware
 .text.SystemInit
                0x0000000008000b70       0x10 ./system/src/cmsis/system_stm32f4xx.o
                0x0000000008000b70                SystemInit
 .text.SystemCoreClockUpdate
                0x0000000008000b80       0x6c ./system/src/cmsis/system_stm32f4xx.o
                0x0000000008000b80                SystemCoreClockUpdate
 .text.SystemClock_Config
                0x0000000008000bec       0x9c ./src/initialize-hardware.o
                0x0000000008000bec                SystemClock_Config
 .text.__initialize_hardware
                0x0000000008000c88       0x12 ./src/initialize-hardware.o
                0x0000000008000c88                __initialize_hardware
 .text._ZN3ledC2Ejjb
                0x0000000008000c9a       0x10 ./src/led.o
                0x0000000008000c9a                led::led(unsigned int, unsigned int, bool)
                0x0000000008000c9a                led::led(unsigned int, unsigned int, bool)
 .text._ZN3led7turn_onEv
                0x0000000008000caa       0x1e ./src/led.o
                0x0000000008000caa                led::turn_on()
 .text._ZN3led8turn_offEv
                0x0000000008000cc8       0x1e ./src/led.o
                0x0000000008000cc8                led::turn_off()
 *fill*         0x0000000008000ce6        0x2 
 .text._ZN3led8power_upEv
                0x0000000008000ce8       0x40 ./src/led.o
                0x0000000008000ce8                led::power_up()
 .text._Z16configure_Buttonv
                0x0000000008000d28       0x38 ./src/main.o
                0x0000000008000d28                configure_Button()
 .text.startup.main
                0x0000000008000d60       0x78 ./src/main.o
                0x0000000008000d60                main
 .text.startup._GLOBAL__sub_I_blinkLeds
                0x0000000008000dd8       0x44 ./src/main.o
 .text.HAL_MspInit
                0x0000000008000e1c        0x2 ./src/stm32f4xx_hal_msp.o
                0x0000000008000e1c                HAL_MspInit
 *fill*         0x0000000008000e1e        0x2 
 .text._ZN5timer5startEv
                0x0000000008000e20       0x34 ./src/timer.o
                0x0000000008000e20                timer::start()
 .text._ZN5timer5sleepEm
                0x0000000008000e54       0x10 ./src/timer.o
                0x0000000008000e54                timer::sleep(unsigned long)
 .text._ZN5timer4tickEv
                0x0000000008000e64       0x14 ./src/timer.o
                0x0000000008000e64                timer::tick()
 .text.SysTick_Handler
                0x0000000008000e78        0xe ./src/timer.o
                0x0000000008000e78                SysTick_Handler
 *fill*         0x0000000008000e86        0x2 
 .text          0x0000000008000e88       0x30 /home/analys/.local/xPacks/@xpack-dev-tools/arm-none-eabi-gcc/12.2.1-1.2.1/.content/bin/../lib/gcc/arm-none-eabi/12.2.1/thumb/v7e-m/nofp/libgcc.a(_aeabi_uldivmod.o)
                0x0000000008000e88                __aeabi_uldivmod
 .text.__udivmoddi4
                0x0000000008000eb8      0x2bc /home/analys/.local/xPacks/@xpack-dev-tools/arm-none-eabi-gcc/12.2.1-1.2.1/.content/bin/../lib/gcc/arm-none-eabi/12.2.1/thumb/v7e-m/nofp/libgcc.a(_udivmoddi4.o)
                0x0000000008000eb8                __udivmoddi4
 .text          0x0000000008001174        0x4 /home/analys/.local/xPacks/@xpack-dev-tools/arm-none-eabi-gcc/12.2.1-1.2.1/.content/bin/../lib/gcc/arm-none-eabi/12.2.1/thumb/v7e-m/nofp/libgcc.a(_dvmd_tls.o)
                0x0000000008001174                __aeabi_ldiv0
                0x0000000008001174                __aeabi_idiv0
 *(.rodata .rodata.* .constdata .constdata.*)
 .rodata.AHBPrescTable
                0x0000000008001178       0x10 ./system/src/cmsis/system_stm32f4xx.o
                0x0000000008001178                AHBPrescTable
 *(vtable)
 *(.eh_frame*)
 *(.glue_7)
 .glue_7        0x0000000008001188        0x0 linker stubs
 *(.glue_7t)
 .glue_7t       0x0000000008001188        0x0 linker stubs

.vfp11_veneer   0x0000000008001188        0x0
 .vfp11_veneer  0x0000000008001188        0x0 linker stubs

.v4_bx          0x0000000008001188        0x0
 .v4_bx         0x0000000008001188        0x0 linker stubs

.iplt           0x0000000008001188        0x0
 .iplt          0x0000000008001188        0x0 ./system/src/stm32f4-hal/stm32f4xx_hal.o

.ARM.extab
 *(.ARM.extab* .gnu.linkonce.armextab.*)
                0x0000000008001188                . = ALIGN (0x4)
                0x0000000008001188                __exidx_start = .

.ARM.exidx      0x0000000008001188        0x8
 *(.ARM.exidx* .gnu.linkonce.armexidx.*)
 .ARM.exidx.text.__udivmoddi4
                0x0000000008001188        0x8 /home/analys/.local/xPacks/@xpack-dev-tools/arm-none-eabi-gcc/12.2.1-1.2.1/.content/bin/../lib/gcc/arm-none-eabi/12.2.1/thumb/v7e-m/nofp/libgcc.a(_udivmoddi4.o)
                0x0000000008001190                __exidx_end = .

.rel.dyn        0x0000000008001190        0x0
 .rel.iplt      0x0000000008001190        0x0 ./system/src/stm32f4-hal/stm32f4xx_hal.o
                0x0000000008001190                . = ALIGN (0x4)
                0x0000000008001190                _etext = .
                0x0000000008001190                __etext = .

.data_CCMRAM    0x0000000010000000        0x0 load address 0x0000000008001190
 FILL mask 0xff
 *(.data.CCMRAM .data.CCMRAM.*)
                0x0000000010000000                . = ALIGN (0x4)
                0x0000000008001190                _sidata = LOADADDR (.data)

.data           0x0000000020000000       0x14 load address 0x0000000008001190
 FILL mask 0xff
                0x0000000020000000                _sdata = .
                0x0000000020000000                __data_start__ = .
 *(.data_begin .data_begin.*)
 *(.data .data.*)
 .data.uwTickFreq
                0x0000000020000000        0x1 ./system/src/stm32f4-hal/stm32f4xx_hal.o
                0x0000000020000000                uwTickFreq
 *fill*         0x0000000020000001        0x3 ff
 .data.uwTickPrio
                0x0000000020000004        0x4 ./system/src/stm32f4-hal/stm32f4xx_hal.o
                0x0000000020000004                uwTickPrio
 .data.argv.1   0x0000000020000008        0x8 ./system/src/newlib/syscalls.o
 .data.SystemCoreClock
                0x0000000020000010        0x4 ./system/src/cmsis/system_stm32f4xx.o
                0x0000000020000010                SystemCoreClock
 *(.data_end .data_end.*)
                0x0000000020000014                . = ALIGN (0x4)
                0x0000000020000014                _edata = .
                0x0000000020000014                __data_end__ = .

.igot.plt       0x0000000020000014        0x0 load address 0x00000000080011a4
 .igot.plt      0x0000000020000014        0x0 ./system/src/stm32f4-hal/stm32f4xx_hal.o

.bss_CCMRAM     0x0000000010000000        0x0
 *(.bss.CCMRAM .bss.CCMRAM.*)

.bss            0x0000000020000014       0x4c
                0x0000000020000014                __bss_start__ = .
                0x0000000020000014                _sbss = .
 *(.bss_begin .bss_begin.*)
 *(.bss .bss.*)
 .bss.uwTick    0x0000000020000014        0x4 ./system/src/stm32f4-hal/stm32f4xx_hal.o
                0x0000000020000014                uwTick
 .bss.name.0    0x0000000020000018        0x1 ./system/src/newlib/syscalls.o
 *fill*         0x0000000020000019        0x3 
 .bss.blinkLeds
                0x000000002000001c       0x40 ./src/main.o
                0x000000002000001c                blinkLeds
 .bss._ZN5timer13ms_delayCountE
                0x000000002000005c        0x4 ./src/timer.o
                0x000000002000005c                timer::ms_delayCount
 *(COMMON)
 *(.bss_end .bss_end.*)
                0x0000000020000060                . = ALIGN (0x4)
                0x0000000020000060                __bss_end__ = .
                0x0000000020000060                _ebss = .

.noinit_CCMRAM
 *(.noinit.CCMRAM .noinit.CCMRAM.*)

.noinit         0x0000000020000060        0x0
                0x0000000020000060                _noinit = .
 *(.noinit .noinit.*)
                0x0000000020000060                . = ALIGN (0x4)
                0x0000000020000060                _end_noinit = .
                [!provide]                        PROVIDE (end = _end_noinit)
                [!provide]                        PROVIDE (_end = _end_noinit)
                [!provide]                        PROVIDE (__end = _end_noinit)
                [!provide]                        PROVIDE (__end__ = _end_noinit)

._check_stack   0x0000000020000060      0x100
                0x0000000020000160                . = (. + _Minimum_Stack_Size)
 *fill*         0x0000000020000060      0x100 

.b1text
 *(.b1text)
 *(.b1rodata)
 *(.b1rodata.*)

.eb0text
 *(.eb0text)
 *(.eb0rodata)
 *(.eb0rodata.*)

.eb1text
 *(.eb1text)
 *(.eb1rodata)
 *(.eb1rodata.*)

.eb2text
 *(.eb2text)
 *(.eb2rodata)
 *(.eb2rodata.*)

.eb3text
 *(.eb3text)
 *(.eb3rodata)
 *(.eb3rodata.*)

.stab
 *(.stab)

.stabstr
 *(.stabstr)

.stab.excl
 *(.stab.excl)

.stab.exclstr
 *(.stab.exclstr)

.stab.index
 *(.stab.index)

.stab.indexstr
 *(.stab.indexstr)

.comment        0x0000000000000000       0x39
 *(.comment)
 .comment       0x0000000000000000       0x39 ./system/src/stm32f4-hal/stm32f4xx_hal.o
                                         0x3a (size before relaxing)
 .comment       0x0000000000000039       0x3a ./system/src/stm32f4-hal/stm32f4xx_hal_cortex.o
 .comment       0x0000000000000039       0x3a ./system/src/stm32f4-hal/stm32f4xx_hal_gpio.o
 .comment       0x0000000000000039       0x3a ./system/src/stm32f4-hal/stm32f4xx_hal_rcc.o
 .comment       0x0000000000000039       0x3a ./system/src/newlib/exit.o
 .comment       0x0000000000000039       0x3a ./system/src/newlib/startup.o
 .comment       0x0000000000000039       0x3a ./system/src/newlib/syscalls.o
 .comment       0x0000000000000039       0x3a ./system/src/cortexm/exception-handlers.o
 .comment       0x0000000000000039       0x3a ./system/src/cortexm/initialize-hardware.o
 .comment       0x0000000000000039       0x3a ./system/src/cortexm/reset-hardware.o
 .comment       0x0000000000000039       0x3a ./system/src/cmsis/system_stm32f4xx.o
 .comment       0x0000000000000039       0x3a ./system/src/cmsis/vectors_stm32f407xx.o
 .comment       0x0000000000000039       0x3a ./src/initialize-hardware.o
 .comment       0x0000000000000039       0x3a ./src/led.o
 .comment       0x0000000000000039       0x3a ./src/main.o
 .comment       0x0000000000000039       0x3a ./src/stm32f4xx_hal_msp.o
 .comment       0x0000000000000039       0x3a ./src/timer.o
 .comment       0x0000000000000039       0x3a /home/analys/.local/xPacks/@xpack-dev-tools/arm-none-eabi-gcc/12.2.1-1.2.1/.content/bin/../lib/gcc/arm-none-eabi/12.2.1/thumb/v7e-m/nofp/libgcc.a(_udivmoddi4.o)

.ARM.attributes
                0x0000000000000000       0x2e
 .ARM.attributes
                0x0000000000000000       0x2e ./system/src/stm32f4-hal/stm32f4xx_hal.o
 .ARM.attributes
                0x000000000000002e       0x2e ./system/src/stm32f4-hal/stm32f4xx_hal_cortex.o
 .ARM.attributes
                0x000000000000005c       0x2e ./system/src/stm32f4-hal/stm32f4xx_hal_gpio.o
 .ARM.attributes
                0x000000000000008a       0x2e ./system/src/stm32f4-hal/stm32f4xx_hal_rcc.o
 .ARM.attributes
                0x00000000000000b8       0x2e ./system/src/newlib/exit.o
 .ARM.attributes
                0x00000000000000e6       0x2e ./system/src/newlib/startup.o
 .ARM.attributes
                0x0000000000000114       0x2e ./system/src/newlib/syscalls.o
 .ARM.attributes
                0x0000000000000142       0x2e ./system/src/cortexm/exception-handlers.o
 .ARM.attributes
                0x0000000000000170       0x2e ./system/src/cortexm/initialize-hardware.o
 .ARM.attributes
                0x000000000000019e       0x2e ./system/src/cortexm/reset-hardware.o
 .ARM.attributes
                0x00000000000001cc       0x2e ./system/src/cmsis/system_stm32f4xx.o
 .ARM.attributes
                0x00000000000001fa       0x2e ./system/src/cmsis/vectors_stm32f407xx.o
 .ARM.attributes
                0x0000000000000228       0x2e ./src/initialize-hardware.o
 .ARM.attributes
                0x0000000000000256       0x2e ./src/led.o
 .ARM.attributes
                0x0000000000000284       0x2e ./src/main.o
 .ARM.attributes
                0x00000000000002b2       0x2e ./src/stm32f4xx_hal_msp.o
 .ARM.attributes
                0x00000000000002e0       0x2e ./src/timer.o
 .ARM.attributes
                0x000000000000030e       0x1e /home/analys/.local/xPacks/@xpack-dev-tools/arm-none-eabi-gcc/12.2.1-1.2.1/.content/bin/../lib/gcc/arm-none-eabi/12.2.1/thumb/v7e-m/nofp/libgcc.a(_aeabi_uldivmod.o)
 .ARM.attributes
                0x000000000000032c       0x2e /home/analys/.local/xPacks/@xpack-dev-tools/arm-none-eabi-gcc/12.2.1-1.2.1/.content/bin/../lib/gcc/arm-none-eabi/12.2.1/thumb/v7e-m/nofp/libgcc.a(_udivmoddi4.o)
 .ARM.attributes
                0x000000000000035a       0x1e /home/analys/.local/xPacks/@xpack-dev-tools/arm-none-eabi-gcc/12.2.1-1.2.1/.content/bin/../lib/gcc/arm-none-eabi/12.2.1/thumb/v7e-m/nofp/libgcc.a(_dvmd_tls.o)

.debug
 *(.debug)

.line
 *(.line)

.debug_srcinfo
 *(.debug_srcinfo)

.debug_sfnames
 *(.debug_sfnames)

.debug_aranges  0x0000000000000000      0x538
 *(.debug_aranges)
 .debug_aranges
                0x0000000000000000       0xf0 ./system/src/stm32f4-hal/stm32f4xx_hal.o
 .debug_aranges
                0x00000000000000f0       0xa8 ./system/src/stm32f4-hal/stm32f4xx_hal_cortex.o
 .debug_aranges
                0x0000000000000198       0x58 ./system/src/stm32f4-hal/stm32f4xx_hal_gpio.o
 .debug_aranges
                0x00000000000001f0       0x88 ./system/src/stm32f4-hal/stm32f4xx_hal_rcc.o
 .debug_aranges
                0x0000000000000278       0x28 ./system/src/newlib/exit.o
 .debug_aranges
                0x00000000000002a0       0x40 ./system/src/newlib/startup.o
 .debug_aranges
                0x00000000000002e0       0x30 ./system/src/newlib/syscalls.o
 .debug_aranges
                0x0000000000000310       0x80 ./system/src/cortexm/exception-handlers.o
 .debug_aranges
                0x0000000000000390       0x28 ./system/src/cortexm/initialize-hardware.o
 .debug_aranges
                0x00000000000003b8       0x20 ./system/src/cortexm/reset-hardware.o
 .debug_aranges
                0x00000000000003d8       0x28 ./system/src/cmsis/system_stm32f4xx.o
 .debug_aranges
                0x0000000000000400       0x20 ./system/src/cmsis/vectors_stm32f407xx.o
 .debug_aranges
                0x0000000000000420       0x28 ./src/initialize-hardware.o
 .debug_aranges
                0x0000000000000448       0x50 ./src/led.o
 .debug_aranges
                0x0000000000000498       0x30 ./src/main.o
 .debug_aranges
                0x00000000000004c8       0x38 ./src/stm32f4xx_hal_msp.o
 .debug_aranges
                0x0000000000000500       0x38 ./src/timer.o

.debug_pubnames
 *(.debug_pubnames)

.debug_info     0x0000000000000000     0x652f
 *(.debug_info .gnu.linkonce.wi.*)
 .debug_info    0x0000000000000000      0xa10 ./system/src/stm32f4-hal/stm32f4xx_hal.o
 .debug_info    0x0000000000000a10      0xf99 ./system/src/stm32f4-hal/stm32f4xx_hal_cortex.o
 .debug_info    0x00000000000019a9      0x6cb ./system/src/stm32f4-hal/stm32f4xx_hal_gpio.o
 .debug_info    0x0000000000002074      0xaa4 ./system/src/stm32f4-hal/stm32f4xx_hal_rcc.o
 .debug_info    0x0000000000002b18       0xfe ./system/src/newlib/exit.o
 .debug_info    0x0000000000002c16      0x4f3 ./system/src/newlib/startup.o
 .debug_info    0x0000000000003109      0x1bf ./system/src/newlib/syscalls.o
 .debug_info    0x00000000000032c8      0x26d ./system/src/cortexm/exception-handlers.o
 .debug_info    0x0000000000003535      0x274 ./system/src/cortexm/initialize-hardware.o
 .debug_info    0x00000000000037a9      0x289 ./system/src/cortexm/reset-hardware.o
 .debug_info    0x0000000000003a32      0x50d ./system/src/cmsis/system_stm32f4xx.o
 .debug_info    0x0000000000003f3f      0x107 ./system/src/cmsis/vectors_stm32f407xx.o
 .debug_info    0x0000000000004046      0x504 ./src/initialize-hardware.o
 .debug_info    0x000000000000454a      0x62a ./src/led.o
 .debug_info    0x0000000000004b74     0x1143 ./src/main.o
 .debug_info    0x0000000000005cb7       0x9e ./src/stm32f4xx_hal_msp.o
 .debug_info    0x0000000000005d55      0x7da ./src/timer.o

.debug_abbrev   0x0000000000000000     0x2156
 *(.debug_abbrev)
 .debug_abbrev  0x0000000000000000      0x282 ./system/src/stm32f4-hal/stm32f4xx_hal.o
 .debug_abbrev  0x0000000000000282      0x38e ./system/src/stm32f4-hal/stm32f4xx_hal_cortex.o
 .debug_abbrev  0x0000000000000610      0x1fe ./system/src/stm32f4-hal/stm32f4xx_hal_gpio.o
 .debug_abbrev  0x000000000000080e      0x34b ./system/src/stm32f4-hal/stm32f4xx_hal_rcc.o
 .debug_abbrev  0x0000000000000b59       0xc2 ./system/src/newlib/exit.o
 .debug_abbrev  0x0000000000000c1b      0x243 ./system/src/newlib/startup.o
 .debug_abbrev  0x0000000000000e5e      0x116 ./system/src/newlib/syscalls.o
 .debug_abbrev  0x0000000000000f74       0xf3 ./system/src/cortexm/exception-handlers.o
 .debug_abbrev  0x0000000000001067      0x10f ./system/src/cortexm/initialize-hardware.o
 .debug_abbrev  0x0000000000001176      0x10f ./system/src/cortexm/reset-hardware.o
 .debug_abbrev  0x0000000000001285      0x11f ./system/src/cmsis/system_stm32f4xx.o
 .debug_abbrev  0x00000000000013a4       0xb6 ./system/src/cmsis/vectors_stm32f407xx.o
 .debug_abbrev  0x000000000000145a      0x1e4 ./src/initialize-hardware.o
 .debug_abbrev  0x000000000000163e      0x273 ./src/led.o
 .debug_abbrev  0x00000000000018b1      0x51f ./src/main.o
 .debug_abbrev  0x0000000000001dd0       0x5f ./src/stm32f4xx_hal_msp.o
 .debug_abbrev  0x0000000000001e2f      0x327 ./src/timer.o

.debug_line     0x0000000000000000     0x39be
 *(.debug_line)
 .debug_line    0x0000000000000000      0x521 ./system/src/stm32f4-hal/stm32f4xx_hal.o
 .debug_line    0x0000000000000521      0x762 ./system/src/stm32f4-hal/stm32f4xx_hal_cortex.o
 .debug_line    0x0000000000000c83      0x719 ./system/src/stm32f4-hal/stm32f4xx_hal_gpio.o
 .debug_line    0x000000000000139c      0xa68 ./system/src/stm32f4-hal/stm32f4xx_hal_rcc.o
 .debug_line    0x0000000000001e04      0x185 ./system/src/newlib/exit.o
 .debug_line    0x0000000000001f89      0x2f3 ./system/src/newlib/startup.o
 .debug_line    0x000000000000227c      0x1ca ./system/src/newlib/syscalls.o
 .debug_line    0x0000000000002446      0x270 ./system/src/cortexm/exception-handlers.o
 .debug_line    0x00000000000026b6      0x14c ./system/src/cortexm/initialize-hardware.o
 .debug_line    0x0000000000002802      0x163 ./system/src/cortexm/reset-hardware.o
 .debug_line    0x0000000000002965      0x1ce ./system/src/cmsis/system_stm32f4xx.o
 .debug_line    0x0000000000002b33       0xa1 ./system/src/cmsis/vectors_stm32f407xx.o
 .debug_line    0x0000000000002bd4      0x24b ./src/initialize-hardware.o
 .debug_line    0x0000000000002e1f      0x302 ./src/led.o
 .debug_line    0x0000000000003121      0x60c ./src/main.o
 .debug_line    0x000000000000372d       0x82 ./src/stm32f4xx_hal_msp.o
 .debug_line    0x00000000000037af      0x20f ./src/timer.o

.debug_frame    0x0000000000000000      0x9f8
 *(.debug_frame)
 .debug_frame   0x0000000000000000      0x1f4 ./system/src/stm32f4-hal/stm32f4xx_hal.o
 .debug_frame   0x00000000000001f4      0x158 ./system/src/stm32f4-hal/stm32f4xx_hal_cortex.o
 .debug_frame   0x000000000000034c       0xd4 ./system/src/stm32f4-hal/stm32f4xx_hal_gpio.o
 .debug_frame   0x0000000000000420      0x13c ./system/src/stm32f4-hal/stm32f4xx_hal_rcc.o
 .debug_frame   0x000000000000055c       0x40 ./system/src/newlib/exit.o
 .debug_frame   0x000000000000059c       0x80 ./system/src/newlib/startup.o
 .debug_frame   0x000000000000061c       0x50 ./system/src/newlib/syscalls.o
 .debug_frame   0x000000000000066c       0xe0 ./system/src/cortexm/exception-handlers.o
 .debug_frame   0x000000000000074c       0x38 ./system/src/cortexm/initialize-hardware.o
 .debug_frame   0x0000000000000784       0x20 ./system/src/cortexm/reset-hardware.o
 .debug_frame   0x00000000000007a4       0x30 ./system/src/cmsis/system_stm32f4xx.o
 .debug_frame   0x00000000000007d4       0x20 ./system/src/cmsis/vectors_stm32f407xx.o
 .debug_frame   0x00000000000007f4       0x4c ./src/initialize-hardware.o
 .debug_frame   0x0000000000000840       0xa8 ./src/led.o
 .debug_frame   0x00000000000008e8       0x64 ./src/main.o
 .debug_frame   0x000000000000094c       0x50 ./src/stm32f4xx_hal_msp.o
 .debug_frame   0x000000000000099c       0x5c ./src/timer.o

.debug_str      0x0000000000000000     0x1ecb
 *(.debug_str)
 .debug_str     0x0000000000000000      0xac7 ./system/src/stm32f4-hal/stm32f4xx_hal.o
                                        0xb43 (size before relaxing)
 .debug_str     0x0000000000000ac7      0x48a ./system/src/stm32f4-hal/stm32f4xx_hal_cortex.o
                                        0xbf7 (size before relaxing)
 .debug_str     0x0000000000000f51      0x19d ./system/src/stm32f4-hal/stm32f4xx_hal_gpio.o
                                        0x4aa (size before relaxing)
 .debug_str     0x00000000000010ee      0x315 ./system/src/stm32f4-hal/stm32f4xx_hal_rcc.o
                                        0x6c5 (size before relaxing)
 .debug_str     0x0000000000001403       0x49 ./system/src/newlib/exit.o
                                        0x1ba (size before relaxing)
 .debug_str     0x000000000000144c      0x1a8 ./system/src/newlib/startup.o
                                        0x335 (size before relaxing)
 .debug_str     0x00000000000015f4       0x5b ./system/src/newlib/syscalls.o
                                        0x1ef (size before relaxing)
 .debug_str     0x000000000000164f      0x11f ./system/src/cortexm/exception-handlers.o
                                        0x299 (size before relaxing)
 .debug_str     0x000000000000176e       0x5d ./system/src/cortexm/initialize-hardware.o
                                        0x26a (size before relaxing)
 .debug_str     0x00000000000017cb       0x27 ./system/src/cortexm/reset-hardware.o
                                        0x22c (size before relaxing)
 .debug_str     0x00000000000017f2       0x31 ./system/src/cmsis/system_stm32f4xx.o
                                        0x35c (size before relaxing)
 .debug_str     0x0000000000001823       0x59 ./system/src/cmsis/vectors_stm32f407xx.o
                                        0x257 (size before relaxing)
 .debug_str     0x000000000000187c       0x30 ./src/initialize-hardware.o
                                        0x4a5 (size before relaxing)
 .debug_str     0x00000000000018ac      0x26d ./src/led.o
                                        0x492 (size before relaxing)
 .debug_str     0x0000000000001b19      0x30d ./src/main.o
                                        0x82b (size before relaxing)
 .debug_str     0x0000000000001e26       0x3d ./src/stm32f4xx_hal_msp.o
                                        0x1c3 (size before relaxing)
 .debug_str     0x0000000000001e63       0x68 ./src/timer.o
                                        0x914 (size before relaxing)

.debug_loc
 *(.debug_loc)

.debug_macinfo
 *(.debug_macinfo)

.debug_weaknames
 *(.debug_weaknames)

.debug_funcnames
 *(.debug_funcnames)

.debug_typenames
 *(.debug_typenames)

.debug_varnames
 *(.debug_varnames)
OUTPUT(F407.elf elf32-littlearm)
LOAD linker stubs

.debug_loclists
                0x0000000000000000      0xffe
 .debug_loclists
                0x0000000000000000       0xba ./system/src/stm32f4-hal/stm32f4xx_hal.o
 .debug_loclists
                0x00000000000000ba      0x380 ./system/src/stm32f4-hal/stm32f4xx_hal_cortex.o
 .debug_loclists
                0x000000000000043a      0x349 ./system/src/stm32f4-hal/stm32f4xx_hal_gpio.o
 .debug_loclists
                0x0000000000000783      0x2f6 ./system/src/stm32f4-hal/stm32f4xx_hal_rcc.o
 .debug_loclists
                0x0000000000000a79       0x23 ./system/src/newlib/exit.o
 .debug_loclists
                0x0000000000000a9c      0x274 ./system/src/newlib/startup.o
 .debug_loclists
                0x0000000000000d10       0x51 ./system/src/newlib/syscalls.o
 .debug_loclists
                0x0000000000000d61       0x4e ./system/src/cortexm/exception-handlers.o
 .debug_loclists
                0x0000000000000daf       0xc4 ./system/src/cmsis/system_stm32f4xx.o
 .debug_loclists
                0x0000000000000e73       0x86 ./src/led.o
 .debug_loclists
                0x0000000000000ef9       0x97 ./src/main.o
 .debug_loclists
                0x0000000000000f90       0x6e ./src/timer.o

.debug_rnglists
                0x0000000000000000      0x4e7
 .debug_rnglists
                0x0000000000000000       0xaf ./system/src/stm32f4-hal/stm32f4xx_hal.o
 .debug_rnglists
                0x00000000000000af       0xe2 ./system/src/stm32f4-hal/stm32f4xx_hal_cortex.o
 .debug_rnglists
                0x0000000000000191       0x4d ./system/src/stm32f4-hal/stm32f4xx_hal_gpio.o
 .debug_rnglists
                0x00000000000001de       0x80 ./system/src/stm32f4-hal/stm32f4xx_hal_rcc.o
 .debug_rnglists
                0x000000000000025e       0x19 ./system/src/newlib/exit.o
 .debug_rnglists
                0x0000000000000277       0x7b ./system/src/newlib/startup.o
 .debug_rnglists
                0x00000000000002f2       0x1f ./system/src/newlib/syscalls.o
 .debug_rnglists
                0x0000000000000311       0x5b ./system/src/cortexm/exception-handlers.o
 .debug_rnglists
                0x000000000000036c       0x19 ./system/src/cortexm/initialize-hardware.o
 .debug_rnglists
                0x0000000000000385       0x13 ./system/src/cortexm/reset-hardware.o
 .debug_rnglists
                0x0000000000000398       0x19 ./system/src/cmsis/system_stm32f4xx.o
 .debug_rnglists
                0x00000000000003b1       0x13 ./system/src/cmsis/vectors_stm32f407xx.o
 .debug_rnglists
                0x00000000000003c4       0x32 ./src/initialize-hardware.o
 .debug_rnglists
                0x00000000000003f6       0x43 ./src/led.o
 .debug_rnglists
                0x0000000000000439       0x4c ./src/main.o
 .debug_rnglists
                0x0000000000000485       0x25 ./src/stm32f4xx_hal_msp.o
 .debug_rnglists
                0x00000000000004aa       0x3d ./src/timer.o
